 Image ai-cybercrime-backend Building 
#1 [internal] load local bake definitions
#1 reading from stdin 570B done
#1 DONE 0.0s

#2 [internal] load build definition from Dockerfile.api
#2 transferring dockerfile: 1.24kB done
#2 DONE 0.0s

#3 [internal] load metadata for docker.io/library/python:3.11-slim
#3 ...

#4 [auth] library/python:pull token for registry-1.docker.io
#4 DONE 0.0s

#3 [internal] load metadata for docker.io/library/python:3.11-slim
#3 DONE 5.5s

#5 [internal] load .dockerignore
#5 transferring context: 2B done
#5 DONE 0.0s

#6 [internal] load build context
#6 transferring context: 10.92kB 0.1s done
#6 DONE 0.1s

#7 [1/6] FROM docker.io/library/python:3.11-slim@sha256:f9fa7f851e38bfb19c9de3afbc4b86ae7176ea7aaf94535c31df5458d5849457
#7 resolve docker.io/library/python:3.11-slim@sha256:f9fa7f851e38bfb19c9de3afbc4b86ae7176ea7aaf94535c31df5458d5849457 0.1s done
#7 DONE 0.1s

#8 [2/6] WORKDIR /app
#8 CACHED

#9 [3/6] RUN apt-get update && apt-get install -y --no-install-recommends     libgl1     libglib2.0-0     libsm6     libxext6     libxrender-dev     libgomp1     fonts-dejavu-core     fonts-noto-core     libpango-1.0-0     libpangoft2-1.0-0     libpangocairo-1.0-0     libcairo2     libgdk-pixbuf-xlib-2.0-0     libffi-dev     shared-mime-info     curl     && rm -rf /var/lib/apt/lists/*
#9 4.278 Hit:1 http://deb.debian.org/debian trixie InRelease
#9 4.476 Get:2 http://deb.debian.org/debian trixie-updates InRelease [47.3 kB]
#9 5.986 Get:3 http://deb.debian.org/debian-security trixie-security InRelease [43.4 kB]
#9 8.250 Get:4 http://deb.debian.org/debian trixie/main amd64 Packages [9671 kB]
